============================= test session starts =============================
platform win32 -- Python 3.12.3, pytest-8.0.2, pluggy-1.6.0
rootdir: C:\Users\kiran\OneDrive\Desktop\we are
plugins: anyio-4.9.0, langsmith-0.4.37, asyncio-0.23.5
asyncio: mode=Mode.STRICT
collected 11 items

backend\gemini\gemini_test_cases.py .FF.F..FFF.                          [100%]

================================== FAILURES ===================================
__________________________ test_simple_query_success __________________________

orchestrator = <backend.gemini.gemini_orchestrator.GeminiOrchestrator object at 0x0000017C608CD670>

    @pytest.mark.asyncio
    async def test_simple_query_success(orchestrator):
        """Test a successful query response."""
        # Mock async response
        mock_response = MagicMock()
        mock_response.text = "This is a valid response from Gemini."
        orchestrator.model.generate_content_async = AsyncMock(return_value=mock_response)
    
>       response = await orchestrator.invoke_with_retry("Hello")

backend\gemini\gemini_test_cases.py:68: 
_ _ _ _ _ _ _ _ _ _ _ _ _ _ _ _ _ _ _ _ _ _ _ _ _ _ _ _ _ _ _ _ _ _ _ _ _ _ _ _
backend\gemini\gemini_orchestrator.py:128: in invoke_with_retry
    raise last_exception
_ _ _ _ _ _ _ _ _ _ _ _ _ _ _ _ _ _ _ _ _ _ _ _ _ _ _ _ _ _ _ _ _ _ _ _ _ _ _ _

self = <backend.gemini.gemini_orchestrator.GeminiOrchestrator object at 0x0000017C608CD670>
query = 'Hello', max_attempts = 3, timeout = 30

    async def invoke_with_retry(self, query: str, max_attempts: int = 3, timeout: int = 30) -> str:
        """
        Invokes the Gemini model with retry logic and exponential backoff.
    
        Args:
            query: The user query string.
            max_attempts: Maximum number of retry attempts.
            timeout: Timeout in seconds for each attempt.
    
        Returns:
            The generated response string.
    
        Raises:
            TimeoutError: If all retries timeout.
            ValueError: If response validation fails.
            RuntimeError: If all retries fail due to other errors.
        """
        last_exception = None
    
        for attempt in range(1, max_attempts + 1):
            try:
                logger.info(f"Attempt {attempt}/{max_attempts} invoking Gemini...")
    
                # Calculate timeout for this attempt if needed, or just enforce it via asyncio
                # Here we use asyncio.wait_for to enforce the timeout
                response = await asyncio.wait_for(
                    self._call_gemini_flash(query),
                    timeout=timeout
                )
    
                # Validate Response
                is_valid, message = self._validate_response(response)
                if not is_valid:
                    logger.warning(f"Response validation failed on attempt {attempt}: {message}")
>                   raise ValueError(f"Invalid response: {message}")
E                   ValueError: Invalid response: Response too short

backend\gemini\gemini_orchestrator.py:106: ValueError
------------------------------ Captured log call ------------------------------
WARNING  backend.gemini.response_validator:response_validator.py:40 Validation failed: Response too short (37 chars)
WARNING  backend.gemini.gemini_orchestrator:gemini_orchestrator.py:105 Response validation failed on attempt 1: Response too short
ERROR    backend.gemini.gemini_orchestrator:gemini_orchestrator.py:115 Error on attempt 1: Invalid response: Response too short
WARNING  backend.gemini.response_validator:response_validator.py:40 Validation failed: Response too short (37 chars)
WARNING  backend.gemini.gemini_orchestrator:gemini_orchestrator.py:105 Response validation failed on attempt 2: Response too short
ERROR    backend.gemini.gemini_orchestrator:gemini_orchestrator.py:115 Error on attempt 2: Invalid response: Response too short
WARNING  backend.gemini.response_validator:response_validator.py:40 Validation failed: Response too short (37 chars)
WARNING  backend.gemini.gemini_orchestrator:gemini_orchestrator.py:105 Response validation failed on attempt 3: Response too short
ERROR    backend.gemini.gemini_orchestrator:gemini_orchestrator.py:115 Error on attempt 3: Invalid response: Response too short
ERROR    backend.gemini.gemini_orchestrator:gemini_orchestrator.py:124 All retry attempts failed
______________________ test_retry_success_after_failure _______________________

orchestrator = <backend.gemini.gemini_orchestrator.GeminiOrchestrator object at 0x0000017C609864E0>

    @pytest.mark.asyncio
    async def test_retry_success_after_failure(orchestrator):
        """Test that it retries and succeeds after a failure."""
        # First call raises error, second succeeds
        mock_response = MagicMock()
        mock_response.text = "Success after retry"
    
        orchestrator.model.generate_content_async = AsyncMock(side_effect=[
            Exception("Network error"),
            mock_response
        ])
    
>       response = await orchestrator.invoke_with_retry("Query", max_attempts=3)

backend\gemini\gemini_test_cases.py:87: 
_ _ _ _ _ _ _ _ _ _ _ _ _ _ _ _ _ _ _ _ _ _ _ _ _ _ _ _ _ _ _ _ _ _ _ _ _ _ _ _

self = <backend.gemini.gemini_orchestrator.GeminiOrchestrator object at 0x0000017C609864E0>
query = 'Query', max_attempts = 3, timeout = 30

    async def invoke_with_retry(self, query: str, max_attempts: int = 3, timeout: int = 30) -> str:
        """
        Invokes the Gemini model with retry logic and exponential backoff.
    
        Args:
            query: The user query string.
            max_attempts: Maximum number of retry attempts.
            timeout: Timeout in seconds for each attempt.
    
        Returns:
            The generated response string.
    
        Raises:
            TimeoutError: If all retries timeout.
            ValueError: If response validation fails.
            RuntimeError: If all retries fail due to other errors.
        """
        last_exception = None
    
        for attempt in range(1, max_attempts + 1):
            try:
                logger.info(f"Attempt {attempt}/{max_attempts} invoking Gemini...")
    
                # Calculate timeout for this attempt if needed, or just enforce it via asyncio
                # Here we use asyncio.wait_for to enforce the timeout
                response = await asyncio.wait_for(
                    self._call_gemini_flash(query),
                    timeout=timeout
                )
    
                # Validate Response
                is_valid, message = self._validate_response(response)
                if not is_valid:
                    logger.warning(f"Response validation failed on attempt {attempt}: {message}")
                    raise ValueError(f"Invalid response: {message}")
    
                logger.info(f"Success on attempt {attempt}")
                return response
    
            except asyncio.TimeoutError:
                logger.warning(f"Timeout on attempt {attempt} (>{timeout}s)")
                last_exception = TimeoutError("Request timed out")
            except Exception as e:
                logger.error(f"Error on attempt {attempt}: {str(e)}")
                last_exception = e
    
            # Exponential Backoff
            if attempt < max_attempts:
                delay = min(1 * (2 ** (attempt - 1)), 10)
                logger.info(f"Retrying in {delay} seconds...")
                await asyncio.sleep(delay)
    
        logger.error("All retry attempts failed")
        if isinstance(last_exception, TimeoutError):
            raise TimeoutError("All retries timed out")
        elif isinstance(last_exception, ValueError):
            raise last_exception
        else:
>           raise RuntimeError(f"All retries failed: {str(last_exception)}")
E           RuntimeError: All retries failed:

backend\gemini\gemini_orchestrator.py:130: RuntimeError
------------------------------ Captured log call ------------------------------
ERROR    backend.gemini.gemini_orchestrator:gemini_orchestrator.py:115 Error on attempt 1: Network error
WARNING  backend.gemini.response_validator:response_validator.py:40 Validation failed: Response too short (19 chars)
WARNING  backend.gemini.gemini_orchestrator:gemini_orchestrator.py:105 Response validation failed on attempt 2: Response too short
ERROR    backend.gemini.gemini_orchestrator:gemini_orchestrator.py:115 Error on attempt 2: Invalid response: Response too short
ERROR    backend.gemini.gemini_orchestrator:gemini_orchestrator.py:115 Error on attempt 3: 
ERROR    backend.gemini.gemini_orchestrator:gemini_orchestrator.py:124 All retry attempts failed
_____________________________ test_timeout_retry ______________________________

orchestrator = <backend.gemini.gemini_orchestrator.GeminiOrchestrator object at 0x0000017C60731B20>

    @pytest.mark.asyncio
    async def test_timeout_retry(orchestrator):
        """Test retry on timeout."""
        # Mock wait_for to raise TimeoutError first, then succeed
        # We need to patch asyncio.wait_for or the internal call
        # Since we can't easily patch asyncio.wait_for inside the method without side effects,
        # we simulate the effect by making the internal call take too long (if we were using real time)
        # or by mocking the exception directly.
    
        # Here we mock _call_gemini_flash to simulate the timeout behavior logic
        # But _call_gemini_flash is what we are testing indirectly.
    
        # Let's mock asyncio.wait_for in the module
        with patch("backend.gemini.gemini_orchestrator.asyncio.wait_for") as mock_wait:
            mock_wait.side_effect = [asyncio.TimeoutError(), "Success"]
    
            # We also need to mock _validate_response to pass for "Success"
            # The real _validate_response expects a string, "Success" is a string.
    
>           response = await orchestrator.invoke_with_retry("Query")

backend\gemini\gemini_test_cases.py:120: 
_ _ _ _ _ _ _ _ _ _ _ _ _ _ _ _ _ _ _ _ _ _ _ _ _ _ _ _ _ _ _ _ _ _ _ _ _ _ _ _

self = <backend.gemini.gemini_orchestrator.GeminiOrchestrator object at 0x0000017C60731B20>
query = 'Query', max_attempts = 3, timeout = 30

    async def invoke_with_retry(self, query: str, max_attempts: int = 3, timeout: int = 30) -> str:
        """
        Invokes the Gemini model with retry logic and exponential backoff.
    
        Args:
            query: The user query string.
            max_attempts: Maximum number of retry attempts.
            timeout: Timeout in seconds for each attempt.
    
        Returns:
            The generated response string.
    
        Raises:
            TimeoutError: If all retries timeout.
            ValueError: If response validation fails.
            RuntimeError: If all retries fail due to other errors.
        """
        last_exception = None
    
        for attempt in range(1, max_attempts + 1):
            try:
                logger.info(f"Attempt {attempt}/{max_attempts} invoking Gemini...")
    
                # Calculate timeout for this attempt if needed, or just enforce it via asyncio
                # Here we use asyncio.wait_for to enforce the timeout
                response = await asyncio.wait_for(
                    self._call_gemini_flash(query),
                    timeout=timeout
                )
    
                # Validate Response
                is_valid, message = self._validate_response(response)
                if not is_valid:
                    logger.warning(f"Response validation failed on attempt {attempt}: {message}")
                    raise ValueError(f"Invalid response: {message}")
    
                logger.info(f"Success on attempt {attempt}")
                return response
    
            except asyncio.TimeoutError:
                logger.warning(f"Timeout on attempt {attempt} (>{timeout}s)")
                last_exception = TimeoutError("Request timed out")
            except Exception as e:
                logger.error(f"Error on attempt {attempt}: {str(e)}")
                last_exception = e
    
            # Exponential Backoff
            if attempt < max_attempts:
                delay = min(1 * (2 ** (attempt - 1)), 10)
                logger.info(f"Retrying in {delay} seconds...")
                await asyncio.sleep(delay)
    
        logger.error("All retry attempts failed")
        if isinstance(last_exception, TimeoutError):
            raise TimeoutError("All retries timed out")
        elif isinstance(last_exception, ValueError):
            raise last_exception
        else:
>           raise RuntimeError(f"All retries failed: {str(last_exception)}")
E           RuntimeError: All retries failed:

backend\gemini\gemini_orchestrator.py:130: RuntimeError
------------------------------ Captured log call ------------------------------
WARNING  backend.gemini.gemini_orchestrator:gemini_orchestrator.py:112 Timeout on attempt 1 (>30s)
WARNING  backend.gemini.response_validator:response_validator.py:40 Validation failed: Response too short (7 chars)
WARNING  backend.gemini.gemini_orchestrator:gemini_orchestrator.py:105 Response validation failed on attempt 2: Response too short
ERROR    backend.gemini.gemini_orchestrator:gemini_orchestrator.py:115 Error on attempt 2: Invalid response: Response too short
ERROR    backend.gemini.gemini_orchestrator:gemini_orchestrator.py:115 Error on attempt 3: 
ERROR    backend.gemini.gemini_orchestrator:gemini_orchestrator.py:124 All retry attempts failed
________________________ test_validation_sql_injection ________________________

orchestrator = <backend.gemini.gemini_orchestrator.GeminiOrchestrator object at 0x0000017C6062B0E0>

    @pytest.mark.asyncio
    async def test_validation_sql_injection(orchestrator):
        """Test detection of SQL injection patterns."""
        mock_response = MagicMock()
        mock_response.text = "Here is the data: DROP TABLE users; --"
        orchestrator.model.generate_content_async = AsyncMock(return_value=mock_response)
    
        with pytest.raises(ValueError, match="Contains suspicious patterns"):
>           await orchestrator.invoke_with_retry("Query", max_attempts=1)

backend\gemini\gemini_test_cases.py:156: 
_ _ _ _ _ _ _ _ _ _ _ _ _ _ _ _ _ _ _ _ _ _ _ _ _ _ _ _ _ _ _ _ _ _ _ _ _ _ _ _
backend\gemini\gemini_orchestrator.py:128: in invoke_with_retry
    raise last_exception
_ _ _ _ _ _ _ _ _ _ _ _ _ _ _ _ _ _ _ _ _ _ _ _ _ _ _ _ _ _ _ _ _ _ _ _ _ _ _ _

self = <backend.gemini.gemini_orchestrator.GeminiOrchestrator object at 0x0000017C6062B0E0>
query = 'Query', max_attempts = 1, timeout = 30

    async def invoke_with_retry(self, query: str, max_attempts: int = 3, timeout: int = 30) -> str:
        """
        Invokes the Gemini model with retry logic and exponential backoff.
    
        Args:
            query: The user query string.
            max_attempts: Maximum number of retry attempts.
            timeout: Timeout in seconds for each attempt.
    
        Returns:
            The generated response string.
    
        Raises:
            TimeoutError: If all retries timeout.
            ValueError: If response validation fails.
            RuntimeError: If all retries fail due to other errors.
        """
        last_exception = None
    
        for attempt in range(1, max_attempts + 1):
            try:
                logger.info(f"Attempt {attempt}/{max_attempts} invoking Gemini...")
    
                # Calculate timeout for this attempt if needed, or just enforce it via asyncio
                # Here we use asyncio.wait_for to enforce the timeout
                response = await asyncio.wait_for(
                    self._call_gemini_flash(query),
                    timeout=timeout
                )
    
                # Validate Response
                is_valid, message = self._validate_response(response)
                if not is_valid:
                    logger.warning(f"Response validation failed on attempt {attempt}: {message}")
>                   raise ValueError(f"Invalid response: {message}")
E                   ValueError: Invalid response: Response too short

backend\gemini\gemini_orchestrator.py:106: ValueError

During handling of the above exception, another exception occurred:

orchestrator = <backend.gemini.gemini_orchestrator.GeminiOrchestrator object at 0x0000017C6062B0E0>

    @pytest.mark.asyncio
    async def test_validation_sql_injection(orchestrator):
        """Test detection of SQL injection patterns."""
        mock_response = MagicMock()
        mock_response.text = "Here is the data: DROP TABLE users; --"
        orchestrator.model.generate_content_async = AsyncMock(return_value=mock_response)
    
>       with pytest.raises(ValueError, match="Contains suspicious patterns"):
E       AssertionError: Regex pattern did not match.
E        Regex: 'Contains suspicious patterns'
E        Input: 'Invalid response: Response too short'

backend\gemini\gemini_test_cases.py:155: AssertionError
------------------------------ Captured log call ------------------------------
WARNING  backend.gemini.response_validator:response_validator.py:40 Validation failed: Response too short (38 chars)
WARNING  backend.gemini.gemini_orchestrator:gemini_orchestrator.py:105 Response validation failed on attempt 1: Response too short
ERROR    backend.gemini.gemini_orchestrator:gemini_orchestrator.py:115 Error on attempt 1: Invalid response: Response too short
ERROR    backend.gemini.gemini_orchestrator:gemini_orchestrator.py:124 All retry attempts failed
_______________________________ test_streaming ________________________________

orchestrator = <backend.gemini.gemini_orchestrator.GeminiOrchestrator object at 0x0000017C609BB0E0>

    @pytest.mark.asyncio
    async def test_streaming(orchestrator):
        """Test streaming response handling."""
        # Mock the async generator
        async def mock_stream_gen(*args, **kwargs):
            chunks = ["Chunk 1", "Chunk 2", "Chunk 3"]
            for c in chunks:
                m = MagicMock()
                m.text = c
                yield m
    
        orchestrator.model.generate_content_async = MagicMock(side_effect=mock_stream_gen)
    
        collected_chunks = []
        def callback(text):
            collected_chunks.append(text)
    
>       await orchestrator.stream_response("Stream me", callback)

backend\gemini\gemini_test_cases.py:179: 
_ _ _ _ _ _ _ _ _ _ _ _ _ _ _ _ _ _ _ _ _ _ _ _ _ _ _ _ _ _ _ _ _ _ _ _ _ _ _ _

self = <backend.gemini.gemini_orchestrator.GeminiOrchestrator object at 0x0000017C609BB0E0>
query = 'Stream me'
on_chunk_callback = <function test_streaming.<locals>.callback at 0x0000017C6091FBA0>

    async def stream_response(self, query: str, on_chunk_callback: Callable[[str], None]) -> None:
        """
        Streams the response from Gemini Flash.
    
        Args:
            query: The user query.
            on_chunk_callback: A callback function to handle each chunk of text.
        """
        logger.info("Starting stream response...")
        try:
>           response_stream = await self.model.generate_content_async(query, stream=True)
E           TypeError: object async_generator can't be used in 'await' expression

backend\gemini\gemini_orchestrator.py:177: TypeError
------------------------------ Captured log call ------------------------------
ERROR    backend.gemini.gemini_orchestrator:gemini_orchestrator.py:186 Error during streaming: object async_generator can't be used in 'await' expression
____________________________ test_missing_api_key _____________________________

    def test_missing_api_key():
        """Test error when API key is missing."""
>       with patch.dict(os.environ, {}, clear=True):
E       NameError: name 'os' is not defined. Did you forget to import 'os'

backend\gemini\gemini_test_cases.py:189: NameError
============================== warnings summary ===============================
<frozen importlib._bootstrap>:488
  <frozen importlib._bootstrap>:488: DeprecationWarning: Type google._upb._message.MessageMapContainer uses PyType_Spec with a metaclass that has custom tp_new. This is deprecated and will no longer be allowed in Python 3.14.

<frozen importlib._bootstrap>:488
  <frozen importlib._bootstrap>:488: DeprecationWarning: Type google._upb._message.ScalarMapContainer uses PyType_Spec with a metaclass that has custom tp_new. This is deprecated and will no longer be allowed in Python 3.14.

-- Docs: https://docs.pytest.org/en/stable/how-to/capture-warnings.html
=========================== short test summary info ===========================
FAILED backend/gemini/gemini_test_cases.py::test_simple_query_success - Value...
FAILED backend/gemini/gemini_test_cases.py::test_retry_success_after_failure
FAILED backend/gemini/gemini_test_cases.py::test_timeout_retry - RuntimeError...
FAILED backend/gemini/gemini_test_cases.py::test_validation_sql_injection - A...
FAILED backend/gemini/gemini_test_cases.py::test_streaming - TypeError: objec...
FAILED backend/gemini/gemini_test_cases.py::test_missing_api_key - NameError:...
================== 6 failed, 5 passed, 2 warnings in 18.47s ===================
pytest : sys:1: RuntimeWarning: coroutine 'GeminiOrchestrator._call_gemini_flash' was never awaited
At line:1 char:1
+ pytest backend/gemini/gemini_test_cases.py > test_output.txt 2>&1
+ ~~~~~~~~~~~~~~~~~~~~~~~~~~~~~~~~~~~~~~~~~~~~~~~~~~~~~~~~~~~~~~~~~
    + CategoryInfo          : NotSpecified: (sys:1: RuntimeW...s never awaited:String) [], RemoteException
    + FullyQualifiedErrorId : NativeCommandError
 
RuntimeWarning: Enable tracemalloc to get the object allocation traceback
